2026-05-29 11:38:05 [ERR] Unexpected error: Unable to resolve service for type 'CleanAPI.Application.Services.Interfaces.ICategoryService' while attempting to activate 'CleanAPI.API.Controllers.CategoriesController'.
System.InvalidOperationException: Unable to resolve service for type 'CleanAPI.Application.Services.Interfaces.ICategoryService' while attempting to activate 'CleanAPI.API.Controllers.CategoriesController'.
   at Microsoft.Extensions.DependencyInjection.ActivatorUtilities.ThrowHelperUnableToResolveService(Type type, Type requiredBy)
   at lambda_method9(Closure, IServiceProvider, Object[])
   at Microsoft.AspNetCore.Mvc.Controllers.ControllerFactoryProvider.<>c__DisplayClass6_0.<CreateControllerFactory>g__CreateController|0(ControllerContext controllerContext)
   at Microsoft.AspNetCore.Mvc.Infrastructure.ControllerActionInvoker.Next(State& next, Scope& scope, Object& state, Boolean& isCompleted)
   at Microsoft.AspNetCore.Mvc.Infrastructure.ControllerActionInvoker.InvokeInnerFilterAsync()
--- End of stack trace from previous location ---
   at Microsoft.AspNetCore.Mvc.Infrastructure.ResourceInvoker.<InvokeFilterPipelineAsync>g__Awaited|20_0(ResourceInvoker invoker, Task lastTask, State next, Scope scope, Object state, Boolean isCompleted)
   at Microsoft.AspNetCore.Mvc.Infrastructure.ResourceInvoker.<InvokeAsync>g__Awaited|17_0(ResourceInvoker invoker, Task task, IDisposable scope)
   at Microsoft.AspNetCore.Mvc.Infrastructure.ResourceInvoker.<InvokeAsync>g__Awaited|17_0(ResourceInvoker invoker, Task task, IDisposable scope)
   at Microsoft.AspNetCore.Authorization.AuthorizationMiddleware.Invoke(HttpContext context)
   at Microsoft.AspNetCore.Authentication.AuthenticationMiddleware.Invoke(HttpContext context)
   at CleanAPI.API.Middleware.ExceptionMiddleware.InvokeAsync(HttpContext context) in D:\D\ASP.Net\CleanAPI\CleanAPI.API\Middleware\ExceptionMiddleware.cs:line 24
2026-05-29 11:38:05 [ERR] HTTP GET /api/Categories responded 500 in 1151.0661 ms
2026-05-29 11:43:06 [INF] HTTP POST /api/Categories responded 401 in 29.5600 ms
2026-05-29 11:43:47 [INF] HTTP POST /api/Auth/login responded 200 in 2442.3228 ms
2026-05-29 11:44:11 [ERR] Unexpected error: Unable to resolve service for type 'CleanAPI.Application.Services.Interfaces.ICategoryService' while attempting to activate 'CleanAPI.API.Controllers.CategoriesController'.
System.InvalidOperationException: Unable to resolve service for type 'CleanAPI.Application.Services.Interfaces.ICategoryService' while attempting to activate 'CleanAPI.API.Controllers.CategoriesController'.
   at Microsoft.Extensions.DependencyInjection.ActivatorUtilities.ThrowHelperUnableToResolveService(Type type, Type requiredBy)
   at lambda_method81(Closure, IServiceProvider, Object[])
   at Microsoft.AspNetCore.Mvc.Controllers.ControllerFactoryProvider.<>c__DisplayClass6_0.<CreateControllerFactory>g__CreateController|0(ControllerContext controllerContext)
   at Microsoft.AspNetCore.Mvc.Infrastructure.ControllerActionInvoker.Next(State& next, Scope& scope, Object& state, Boolean& isCompleted)
   at Microsoft.AspNetCore.Mvc.Infrastructure.ControllerActionInvoker.InvokeInnerFilterAsync()
--- End of stack trace from previous location ---
   at Microsoft.AspNetCore.Mvc.Infrastructure.ResourceInvoker.<InvokeFilterPipelineAsync>g__Awaited|20_0(ResourceInvoker invoker, Task lastTask, State next, Scope scope, Object state, Boolean isCompleted)
   at Microsoft.AspNetCore.Mvc.Infrastructure.ResourceInvoker.<InvokeAsync>g__Awaited|17_0(ResourceInvoker invoker, Task task, IDisposable scope)
   at Microsoft.AspNetCore.Mvc.Infrastructure.ResourceInvoker.<InvokeAsync>g__Awaited|17_0(ResourceInvoker invoker, Task task, IDisposable scope)
   at Microsoft.AspNetCore.Authorization.AuthorizationMiddleware.Invoke(HttpContext context)
   at Microsoft.AspNetCore.Authentication.AuthenticationMiddleware.Invoke(HttpContext context)
   at CleanAPI.API.Middleware.ExceptionMiddleware.InvokeAsync(HttpContext context) in D:\D\ASP.Net\CleanAPI\CleanAPI.API\Middleware\ExceptionMiddleware.cs:line 24
2026-05-29 11:44:11 [ERR] HTTP POST /api/Categories responded 500 in 66.8985 ms
2026-05-29 11:52:14 [INF] HTTP POST /api/Auth/login responded 200 in 1239.3335 ms
2026-05-29 11:52:52 [INF] HTTP POST /api/Categories responded 201 in 149.4162 ms
2026-05-29 11:54:34 [INF] HTTP GET /api/Categories responded 200 in 67.0765 ms
2026-05-29 12:05:25 [INF] HTTP POST /api/Auth/login responded 200 in 265.3810 ms
2026-05-29 12:05:46 [INF] HTTP GET /api/api/Auth/me responded 404 in 0.3266 ms
2026-05-29 12:05:50 [INF] HTTP GET /api/Auth/me responded 200 in 9.0913 ms
2026-05-29 12:05:58 [ERR] Unexpected error: Object reference not set to an instance of an object.
System.NullReferenceException: Object reference not set to an instance of an object.
   at CleanAPI.Application.Services.ProductService.<>c.<GetByIdAsync>b__3_0(Review r) in D:\D\ASP.Net\CleanAPI\CleanAPI.Application\Services\ProductService.cs:line 51
   at System.Linq.Enumerable.SelectListIterator`2.Fill(ReadOnlySpan`1 source, Span`1 destination, Func`2 func)
   at System.Linq.Enumerable.SelectListIterator`2.ToList()
   at CleanAPI.Application.Services.ProductService.GetByIdAsync(Int32 id) in D:\D\ASP.Net\CleanAPI\CleanAPI.Application\Services\ProductService.cs:line 45
   at CleanAPI.API.Controllers.ProductsController.GetById(Int32 id) in D:\D\ASP.Net\CleanAPI\CleanAPI.API\Controllers\ProductsController.cs:line 35
   at lambda_method147(Closure, Object)
   at Microsoft.AspNetCore.Mvc.Infrastructure.ActionMethodExecutor.AwaitableObjectResultExecutor.Execute(ActionContext actionContext, IActionResultTypeMapper mapper, ObjectMethodExecutor executor, Object controller, Object[] arguments)
   at Microsoft.AspNetCore.Mvc.Infrastructure.ControllerActionInvoker.<InvokeActionMethodAsync>g__Awaited|12_0(ControllerActionInvoker invoker, ValueTask`1 actionResultValueTask)
   at Microsoft.AspNetCore.Mvc.Infrastructure.ControllerActionInvoker.<InvokeNextActionFilterAsync>g__Awaited|10_0(ControllerActionInvoker invoker, Task lastTask, State next, Scope scope, Object state, Boolean isCompleted)
   at Microsoft.AspNetCore.Mvc.Infrastructure.ControllerActionInvoker.Rethrow(ActionExecutedContextSealed context)
   at Microsoft.AspNetCore.Mvc.Infrastructure.ControllerActionInvoker.Next(State& next, Scope& scope, Object& state, Boolean& isCompleted)
   at Microsoft.AspNetCore.Mvc.Infrastructure.ControllerActionInvoker.<InvokeInnerFilterAsync>g__Awaited|13_0(ControllerActionInvoker invoker, Task lastTask, State next, Scope scope, Object state, Boolean isCompleted)
   at Microsoft.AspNetCore.Mvc.Infrastructure.ResourceInvoker.<InvokeFilterPipelineAsync>g__Awaited|20_0(ResourceInvoker invoker, Task lastTask, State next, Scope scope, Object state, Boolean isCompleted)
   at Microsoft.AspNetCore.Mvc.Infrastructure.ResourceInvoker.<InvokeAsync>g__Awaited|17_0(ResourceInvoker invoker, Task task, IDisposable scope)
   at Microsoft.AspNetCore.Mvc.Infrastructure.ResourceInvoker.<InvokeAsync>g__Awaited|17_0(ResourceInvoker invoker, Task task, IDisposable scope)
   at Microsoft.AspNetCore.Authorization.AuthorizationMiddleware.Invoke(HttpContext context)
   at Microsoft.AspNetCore.Authentication.AuthenticationMiddleware.Invoke(HttpContext context)
   at CleanAPI.API.Middleware.ExceptionMiddleware.InvokeAsync(HttpContext context) in D:\D\ASP.Net\CleanAPI\CleanAPI.API\Middleware\ExceptionMiddleware.cs:line 24
2026-05-29 12:05:58 [ERR] HTTP GET /api/Products/3 responded 500 in 165.9817 ms
2026-05-29 12:06:05 [INF] HTTP GET /api/Products/my-products responded 200 in 24.5825 ms
2026-05-29 12:06:13 [INF] HTTP GET /api/Products responded 200 in 16.3192 ms
2026-05-29 12:09:24 [INF] HTTP GET /api/Products/3 responded 200 in 1052.8865 ms
2026-05-29 12:11:32 [INF] HTTP GET /api/products/20/Review responded 404 in 2.2682 ms
2026-05-29 12:16:17 [INF] HTTP PUT /api/Product/1 responded 404 in 2.5945 ms
2026-05-29 12:16:40 [INF] HTTP PUT /api/Products/1 responded 200 in 170.6019 ms
2026-05-29 12:20:06 [INF] HTTP GET /api/Products/3 responded 200 in 58.8450 ms
2026-05-29 12:20:29 [INF] HTTP GET /api/Products/10 responded 200 in 6.7445 ms
2026-05-29 12:20:42 [INF] HTTP GET /api/Products responded 200 in 28.2935 ms
2026-05-29 12:21:02 [INF] HTTP GET /api/Products/paged responded 200 in 50.6545 ms
2026-05-29 12:21:44 [INF] HTTP DELETE /apiProducts/paged responded 404 in 0.2508 ms
2026-05-29 12:21:49 [INF] HTTP GET /apiProducts/paged responded 404 in 0.3840 ms
2026-05-29 12:22:04 [INF] HTTP GET /api/Products/paged responded 200 in 27.9881 ms
2026-05-29 12:22:25 [INF] HTTP GET /api/Products/paged responded 200 in 50.6002 ms
2026-05-29 12:22:44 [INF] HTTP GET /api/Products/paged responded 200 in 11.6977 ms
2026-05-29 12:23:21 [INF] HTTP GET /api/Products/paged responded 200 in 24.9317 ms
2026-05-29 12:24:24 [INF] HTTP GET /api/Categories responded 200 in 28.7964 ms
2026-05-29 12:27:45 [INF] HTTP GET /api/Categories/14 responded 200 in 31.8951 ms
2026-05-29 12:27:55 [INF] HTTP GET /api/Categories/1 responded 200 in 9.5320 ms
2026-05-29 12:29:30 [WRN] Not Found: Category with id 222 not found
2026-05-29 12:29:30 [INF] HTTP GET /api/Categories/222 responded 404 in 51.1257 ms
2026-05-29 12:29:37 [WRN] Not Found: Category is not found
2026-05-29 12:29:37 [INF] HTTP DELETE /api/Categories/222 responded 404 in 19.4059 ms
