2026-05-30 09:19:13 [INF] HTTP GET /api/Products/my-products responded 401 in 2533.8607 ms
2026-05-30 09:19:27 [INF] HTTP POST /api/Auth/login responded 200 in 5222.4151 ms
2026-05-30 09:19:32 [INF] HTTP GET /api/Products/my-products responded 200 in 182.8268 ms
2026-05-30 09:20:26 [INF] HTTP PUT /api/Products/1 responded 200 in 501.3015 ms
2026-05-30 09:20:31 [INF] HTTP GET /api/Products/my-products responded 200 in 31.7341 ms
2026-05-30 10:12:41 [WRN] Not Found: Cart not found
2026-05-30 10:12:41 [INF] HTTP GET /api/Cart responded 404 in 3089.2998 ms
2026-05-30 10:14:42 [INF] HTTP GET /api/Cart/1 responded 405 in 5.9072 ms
2026-05-30 10:14:48 [WRN] Not Found: Cart Not Found
2026-05-30 10:14:48 [INF] HTTP DELETE /api/Cart/1 responded 404 in 43.0504 ms
2026-05-30 10:16:04 [WRN] Not Found: Cart not found
2026-05-30 10:16:04 [INF] HTTP PUT /api/Cart/1 responded 404 in 86.2926 ms
2026-05-30 10:17:55 [WRN] Not Found: Cart Not Found
2026-05-30 10:17:55 [INF] HTTP DELETE /api/Cart/1 responded 404 in 27.4490 ms
2026-05-30 10:29:53 [INF] HTTP POST /api/Cart responded 401 in 12.4394 ms
2026-05-30 10:30:09 [INF] HTTP POST /api/Cart responded 401 in 1.7557 ms
2026-05-30 10:30:22 [INF] HTTP POST /api/Auth/login responded 200 in 351.0296 ms
2026-05-30 10:30:27 [WRN] Bad Request: Insufficient Stock
2026-05-30 10:30:27 [INF] HTTP POST /api/Cart responded 400 in 62.1023 ms
2026-05-30 10:30:36 [WRN] Not Found: Cart with id 2 not found
2026-05-30 10:30:36 [INF] HTTP POST /api/Cart responded 404 in 21.5705 ms
2026-05-30 10:31:18 [INF] HTTP POST /api/Cart/1 responded 405 in 0.5303 ms
2026-05-30 10:31:23 [WRN] Not Found: Cart with id 2 not found
2026-05-30 10:31:23 [INF] HTTP POST /api/Cart responded 404 in 44.7220 ms
2026-05-30 10:40:48 [WRN] Not Found: Cart with id 2 not found
2026-05-30 10:40:48 [INF] HTTP POST /api/Cart responded 404 in 1157.7825 ms
2026-05-30 10:41:18 [WRN] Not Found: Cart with id 2 not found
2026-05-30 10:41:18 [INF] HTTP POST /api/Cart responded 404 in 61.8160 ms
2026-05-30 10:46:00 [INF] HTTP POST /api/Cart responded 201 in 1252.0748 ms
2026-05-30 10:46:16 [WRN] Bad Request: Insufficient Stock
2026-05-30 10:46:16 [INF] HTTP POST /api/Cart responded 400 in 35.8463 ms
2026-05-30 10:46:24 [INF] HTTP GET /api/Products/my-products responded 200 in 83.7255 ms
2026-05-30 10:47:21 [INF] HTTP PUT /api/Products/2 responded 200 in 65.9749 ms
2026-05-30 10:47:27 [INF] HTTP GET /api/Products/my-products responded 200 in 24.7378 ms
2026-05-30 10:47:43 [INF] HTTP POST /api/Cart responded 201 in 57.6310 ms
2026-05-30 10:47:50 [INF] HTTP POST /api/Cart responded 201 in 29.3395 ms
2026-05-30 10:48:15 [INF] HTTP GET /api/Cart responded 200 in 15.7346 ms
2026-05-30 10:48:38 [INF] HTTP PUT /api/Cart/2 responded 200 in 50.6097 ms
2026-05-30 10:48:45 [INF] HTTP GET /api/Cart responded 200 in 6.7791 ms
2026-05-30 10:48:57 [INF] HTTP DELETE /api/Cart/2 responded 200 in 32.0103 ms
2026-05-30 10:49:02 [INF] HTTP GET /api/Cart responded 200 in 6.8966 ms
2026-05-30 10:49:11 [INF] HTTP POST /api/Cart responded 201 in 35.0482 ms
2026-05-30 10:49:16 [INF] HTTP GET /api/Products/my-products responded 200 in 7.6943 ms
2026-05-30 17:27:12 [ERR] An unhandled exception has occurred while executing the request.
Swashbuckle.AspNetCore.SwaggerGen.SwaggerGeneratorException: Conflicting method/path combination "GET api/Order" for actions - ECommerce.API.Controllers.OrderController.GetMyOrdersAsync (ECommerce.API),ECommerce.API.Controllers.OrderController.GetAllOrdersAsync (ECommerce.API). Actions require a unique method/path combination for Swagger/OpenAPI 3.0. Use ConflictingActionsResolver as a workaround
   at Swashbuckle.AspNetCore.SwaggerGen.SwaggerGenerator.GenerateOperations(IEnumerable`1 apiDescriptions, SchemaRepository schemaRepository)
   at Swashbuckle.AspNetCore.SwaggerGen.SwaggerGenerator.GeneratePaths(IEnumerable`1 apiDescriptions, SchemaRepository schemaRepository)
   at Swashbuckle.AspNetCore.SwaggerGen.SwaggerGenerator.GetSwaggerDocumentWithoutFilters(String documentName, String host, String basePath)
   at Swashbuckle.AspNetCore.SwaggerGen.SwaggerGenerator.GetSwaggerAsync(String documentName, String host, String basePath)
   at Swashbuckle.AspNetCore.Swagger.SwaggerMiddleware.Invoke(HttpContext httpContext, ISwaggerProvider swaggerProvider)
   at Microsoft.AspNetCore.Diagnostics.DeveloperExceptionPageMiddlewareImpl.Invoke(HttpContext context)
2026-05-30 17:28:57 [ERR] An unhandled exception has occurred while executing the request.
Swashbuckle.AspNetCore.SwaggerGen.SwaggerGeneratorException: Conflicting method/path combination "GET api/Order" for actions - ECommerce.API.Controllers.OrderController.GetMyOrdersAsync (ECommerce.API),ECommerce.API.Controllers.OrderController.GetAllOrdersAsync (ECommerce.API). Actions require a unique method/path combination for Swagger/OpenAPI 3.0. Use ConflictingActionsResolver as a workaround
   at Swashbuckle.AspNetCore.SwaggerGen.SwaggerGenerator.GenerateOperations(IEnumerable`1 apiDescriptions, SchemaRepository schemaRepository)
   at Swashbuckle.AspNetCore.SwaggerGen.SwaggerGenerator.GeneratePaths(IEnumerable`1 apiDescriptions, SchemaRepository schemaRepository)
   at Swashbuckle.AspNetCore.SwaggerGen.SwaggerGenerator.GetSwaggerDocumentWithoutFilters(String documentName, String host, String basePath)
   at Swashbuckle.AspNetCore.SwaggerGen.SwaggerGenerator.GetSwaggerAsync(String documentName, String host, String basePath)
   at Swashbuckle.AspNetCore.Swagger.SwaggerMiddleware.Invoke(HttpContext httpContext, ISwaggerProvider swaggerProvider)
   at Microsoft.AspNetCore.Diagnostics.DeveloperExceptionPageMiddlewareImpl.Invoke(HttpContext context)
2026-05-30 17:34:48 [INF] HTTP POST /api/Auth/login responded 200 in 9578.5060 ms
2026-05-30 17:34:55 [INF] HTTP GET /api/Order responded 200 in 399.0948 ms
2026-05-30 17:35:35 [INF] HTTP POST /api/Order responded 200 in 977.8474 ms
2026-05-30 17:35:46 [INF] HTTP GET /api/Cart responded 200 in 39.9220 ms
2026-05-30 17:35:54 [ERR] An exception occurred while iterating over the results of a query for context type 'CleanAPI.Infrastructure.Data.AppDbContext'.
System.InvalidCastException: Unable to cast object of type 'System.String' to type 'System.Int32'.
   at Microsoft.Data.SqlClient.SqlBuffer.get_Int32()
   at Microsoft.Data.SqlClient.SqlDataReader.GetInt32(Int32 i)
   at lambda_method96(Closure, QueryContext, DbDataReader, ResultContext, SingleQueryResultCoordinator)
   at Microsoft.EntityFrameworkCore.Query.Internal.SingleQueryingEnumerable`1.AsyncEnumerator.MoveNextAsync()
System.InvalidCastException: Unable to cast object of type 'System.String' to type 'System.Int32'.
   at Microsoft.Data.SqlClient.SqlBuffer.get_Int32()
   at Microsoft.Data.SqlClient.SqlDataReader.GetInt32(Int32 i)
   at lambda_method96(Closure, QueryContext, DbDataReader, ResultContext, SingleQueryResultCoordinator)
   at Microsoft.EntityFrameworkCore.Query.Internal.SingleQueryingEnumerable`1.AsyncEnumerator.MoveNextAsync()
2026-05-30 17:35:54 [ERR] Unexpected error: Unable to cast object of type 'System.String' to type 'System.Int32'.
System.InvalidCastException: Unable to cast object of type 'System.String' to type 'System.Int32'.
   at Microsoft.Data.SqlClient.SqlBuffer.get_Int32()
   at Microsoft.Data.SqlClient.SqlDataReader.GetInt32(Int32 i)
   at lambda_method96(Closure, QueryContext, DbDataReader, ResultContext, SingleQueryResultCoordinator)
   at Microsoft.EntityFrameworkCore.Query.Internal.SingleQueryingEnumerable`1.AsyncEnumerator.MoveNextAsync()
   at Microsoft.EntityFrameworkCore.EntityFrameworkQueryableExtensions.ToListAsync[TSource](IQueryable`1 source, CancellationToken cancellationToken)
   at Microsoft.EntityFrameworkCore.EntityFrameworkQueryableExtensions.ToListAsync[TSource](IQueryable`1 source, CancellationToken cancellationToken)
   at ECommerce.Infrastructure.Repositorie.OrderRepository.GetOrdersByUserIdAsync(Int32 userId) in D:\D\ASP.Net\CleanAPI\ECommerce.Infrastructure\Repositorie\OrderRepository.cs:line 29
   at ECommerce.Application.Services.OrderService.GetMyOrdersAsync(Int32 userId) in D:\D\ASP.Net\CleanAPI\ECommerce.Application\Services\OrderService.cs:line 50
   at ECommerce.API.Controllers.OrderController.GetMyOrdersAsync(Int32 userId) in D:\D\ASP.Net\CleanAPI\ECommerce.API\Controllers\OrderController.cs:line 24
   at lambda_method77(Closure, Object)
   at Microsoft.AspNetCore.Mvc.Infrastructure.ActionMethodExecutor.AwaitableObjectResultExecutor.Execute(ActionContext actionContext, IActionResultTypeMapper mapper, ObjectMethodExecutor executor, Object controller, Object[] arguments)
   at Microsoft.AspNetCore.Mvc.Infrastructure.ControllerActionInvoker.<InvokeActionMethodAsync>g__Awaited|12_0(ControllerActionInvoker invoker, ValueTask`1 actionResultValueTask)
   at Microsoft.AspNetCore.Mvc.Infrastructure.ControllerActionInvoker.<InvokeNextActionFilterAsync>g__Awaited|10_0(ControllerActionInvoker invoker, Task lastTask, State next, Scope scope, Object state, Boolean isCompleted)
   at Microsoft.AspNetCore.Mvc.Infrastructure.ControllerActionInvoker.Rethrow(ActionExecutedContextSealed context)
   at Microsoft.AspNetCore.Mvc.Infrastructure.ControllerActionInvoker.Next(State& next, Scope& scope, Object& state, Boolean& isCompleted)
   at Microsoft.AspNetCore.Mvc.Infrastructure.ControllerActionInvoker.<InvokeInnerFilterAsync>g__Awaited|13_0(ControllerActionInvoker invoker, Task lastTask, State next, Scope scope, Object state, Boolean isCompleted)
   at Microsoft.AspNetCore.Mvc.Infrastructure.ResourceInvoker.<InvokeFilterPipelineAsync>g__Awaited|20_0(ResourceInvoker invoker, Task lastTask, State next, Scope scope, Object state, Boolean isCompleted)
   at Microsoft.AspNetCore.Mvc.Infrastructure.ResourceInvoker.<InvokeAsync>g__Awaited|17_0(ResourceInvoker invoker, Task task, IDisposable scope)
   at Microsoft.AspNetCore.Mvc.Infrastructure.ResourceInvoker.<InvokeAsync>g__Awaited|17_0(ResourceInvoker invoker, Task task, IDisposable scope)
   at Microsoft.AspNetCore.Authorization.AuthorizationMiddleware.Invoke(HttpContext context)
   at Microsoft.AspNetCore.Authentication.AuthenticationMiddleware.Invoke(HttpContext context)
   at CleanAPI.API.Middleware.ExceptionMiddleware.InvokeAsync(HttpContext context) in D:\D\ASP.Net\CleanAPI\ECommerce.API\Middleware\ExceptionMiddleware.cs:line 24
2026-05-30 17:35:54 [ERR] HTTP GET /api/Order responded 500 in 204.6755 ms
2026-05-30 17:38:05 [WRN] Not Found: Order with id 2 not found
2026-05-30 17:38:05 [INF] HTTP GET /api/Order/2 responded 404 in 72.5486 ms
2026-05-30 17:38:11 [ERR] An exception occurred while iterating over the results of a query for context type 'CleanAPI.Infrastructure.Data.AppDbContext'.
System.InvalidCastException: Unable to cast object of type 'System.String' to type 'System.Int32'.
   at Microsoft.Data.SqlClient.SqlBuffer.get_Int32()
   at Microsoft.Data.SqlClient.SqlDataReader.GetInt32(Int32 i)
   at lambda_method483(Closure, QueryContext, DbDataReader, ResultContext, SingleQueryResultCoordinator)
   at Microsoft.EntityFrameworkCore.Query.Internal.SingleQueryingEnumerable`1.AsyncEnumerator.MoveNextAsync()
System.InvalidCastException: Unable to cast object of type 'System.String' to type 'System.Int32'.
   at Microsoft.Data.SqlClient.SqlBuffer.get_Int32()
   at Microsoft.Data.SqlClient.SqlDataReader.GetInt32(Int32 i)
   at lambda_method483(Closure, QueryContext, DbDataReader, ResultContext, SingleQueryResultCoordinator)
   at Microsoft.EntityFrameworkCore.Query.Internal.SingleQueryingEnumerable`1.AsyncEnumerator.MoveNextAsync()
2026-05-30 17:38:11 [ERR] Unexpected error: Unable to cast object of type 'System.String' to type 'System.Int32'.
System.InvalidCastException: Unable to cast object of type 'System.String' to type 'System.Int32'.
   at Microsoft.Data.SqlClient.SqlBuffer.get_Int32()
   at Microsoft.Data.SqlClient.SqlDataReader.GetInt32(Int32 i)
   at lambda_method483(Closure, QueryContext, DbDataReader, ResultContext, SingleQueryResultCoordinator)
   at Microsoft.EntityFrameworkCore.Query.Internal.SingleQueryingEnumerable`1.AsyncEnumerator.MoveNextAsync()
   at Microsoft.EntityFrameworkCore.Query.ShapedQueryCompilingExpressionVisitor.SingleOrDefaultAsync[TSource](IAsyncEnumerable`1 asyncEnumerable, CancellationToken cancellationToken)
   at Microsoft.EntityFrameworkCore.Query.ShapedQueryCompilingExpressionVisitor.SingleOrDefaultAsync[TSource](IAsyncEnumerable`1 asyncEnumerable, CancellationToken cancellationToken)
   at ECommerce.Infrastructure.Repositorie.OrderRepository.GetOrderByIdAsync(Int32 orderId) in D:\D\ASP.Net\CleanAPI\ECommerce.Infrastructure\Repositorie\OrderRepository.cs:line 37
   at ECommerce.Application.Services.OrderService.GetOrderDetailAsync(Int32 userId, Int32 orderId) in D:\D\ASP.Net\CleanAPI\ECommerce.Application\Services\OrderService.cs:line 55
   at ECommerce.API.Controllers.OrderController.GetOrderDetailAsync(Int32 userId, Int32 orderId) in D:\D\ASP.Net\CleanAPI\ECommerce.API\Controllers\OrderController.cs:line 30
   at lambda_method470(Closure, Object)
   at Microsoft.AspNetCore.Mvc.Infrastructure.ActionMethodExecutor.AwaitableObjectResultExecutor.Execute(ActionContext actionContext, IActionResultTypeMapper mapper, ObjectMethodExecutor executor, Object controller, Object[] arguments)
   at Microsoft.AspNetCore.Mvc.Infrastructure.ControllerActionInvoker.<InvokeActionMethodAsync>g__Awaited|12_0(ControllerActionInvoker invoker, ValueTask`1 actionResultValueTask)
   at Microsoft.AspNetCore.Mvc.Infrastructure.ControllerActionInvoker.<InvokeNextActionFilterAsync>g__Awaited|10_0(ControllerActionInvoker invoker, Task lastTask, State next, Scope scope, Object state, Boolean isCompleted)
   at Microsoft.AspNetCore.Mvc.Infrastructure.ControllerActionInvoker.Rethrow(ActionExecutedContextSealed context)
   at Microsoft.AspNetCore.Mvc.Infrastructure.ControllerActionInvoker.Next(State& next, Scope& scope, Object& state, Boolean& isCompleted)
   at Microsoft.AspNetCore.Mvc.Infrastructure.ControllerActionInvoker.<InvokeInnerFilterAsync>g__Awaited|13_0(ControllerActionInvoker invoker, Task lastTask, State next, Scope scope, Object state, Boolean isCompleted)
   at Microsoft.AspNetCore.Mvc.Infrastructure.ResourceInvoker.<InvokeFilterPipelineAsync>g__Awaited|20_0(ResourceInvoker invoker, Task lastTask, State next, Scope scope, Object state, Boolean isCompleted)
   at Microsoft.AspNetCore.Mvc.Infrastructure.ResourceInvoker.<InvokeAsync>g__Awaited|17_0(ResourceInvoker invoker, Task task, IDisposable scope)
   at Microsoft.AspNetCore.Mvc.Infrastructure.ResourceInvoker.<InvokeAsync>g__Awaited|17_0(ResourceInvoker invoker, Task task, IDisposable scope)
   at Microsoft.AspNetCore.Authorization.AuthorizationMiddleware.Invoke(HttpContext context)
   at Microsoft.AspNetCore.Authentication.AuthenticationMiddleware.Invoke(HttpContext context)
   at CleanAPI.API.Middleware.ExceptionMiddleware.InvokeAsync(HttpContext context) in D:\D\ASP.Net\CleanAPI\ECommerce.API\Middleware\ExceptionMiddleware.cs:line 24
2026-05-30 17:38:11 [ERR] HTTP GET /api/Order/1 responded 500 in 71.4443 ms
2026-05-30 17:40:03 [INF] HTTP DELETE /api/Order/all responded 405 in 3.5784 ms
2026-05-30 22:40:10 [INF] HTTP GET /api/Order responded 401 in 3613.8745 ms
2026-05-30 22:40:25 [INF] HTTP POST /api/Auth/login responded 200 in 6852.8648 ms
2026-05-30 22:40:32 [ERR] An exception occurred while iterating over the results of a query for context type 'CleanAPI.Infrastructure.Data.AppDbContext'.
System.InvalidCastException: Unable to cast object of type 'System.String' to type 'System.Int32'.
   at Microsoft.Data.SqlClient.SqlBuffer.get_Int32()
   at Microsoft.Data.SqlClient.SqlDataReader.GetInt32(Int32 i)
   at lambda_method96(Closure, QueryContext, DbDataReader, ResultContext, SingleQueryResultCoordinator)
   at Microsoft.EntityFrameworkCore.Query.Internal.SingleQueryingEnumerable`1.AsyncEnumerator.MoveNextAsync()
System.InvalidCastException: Unable to cast object of type 'System.String' to type 'System.Int32'.
   at Microsoft.Data.SqlClient.SqlBuffer.get_Int32()
   at Microsoft.Data.SqlClient.SqlDataReader.GetInt32(Int32 i)
   at lambda_method96(Closure, QueryContext, DbDataReader, ResultContext, SingleQueryResultCoordinator)
   at Microsoft.EntityFrameworkCore.Query.Internal.SingleQueryingEnumerable`1.AsyncEnumerator.MoveNextAsync()
2026-05-30 22:40:32 [ERR] Unexpected error: Unable to cast object of type 'System.String' to type 'System.Int32'.
System.InvalidCastException: Unable to cast object of type 'System.String' to type 'System.Int32'.
   at Microsoft.Data.SqlClient.SqlBuffer.get_Int32()
   at Microsoft.Data.SqlClient.SqlDataReader.GetInt32(Int32 i)
   at lambda_method96(Closure, QueryContext, DbDataReader, ResultContext, SingleQueryResultCoordinator)
   at Microsoft.EntityFrameworkCore.Query.Internal.SingleQueryingEnumerable`1.AsyncEnumerator.MoveNextAsync()
   at Microsoft.EntityFrameworkCore.EntityFrameworkQueryableExtensions.ToListAsync[TSource](IQueryable`1 source, CancellationToken cancellationToken)
   at Microsoft.EntityFrameworkCore.EntityFrameworkQueryableExtensions.ToListAsync[TSource](IQueryable`1 source, CancellationToken cancellationToken)
   at ECommerce.Infrastructure.Repositorie.OrderRepository.GetOrdersByUserIdAsync(Int32 userId) in D:\D\ASP.Net\CleanAPI\ECommerce.Infrastructure\Repositorie\OrderRepository.cs:line 29
   at ECommerce.Application.Services.OrderService.GetMyOrdersAsync(Int32 userId) in D:\D\ASP.Net\CleanAPI\ECommerce.Application\Services\OrderService.cs:line 50
   at ECommerce.API.Controllers.OrderController.GetMyOrdersAsync(Int32 userId) in D:\D\ASP.Net\CleanAPI\ECommerce.API\Controllers\OrderController.cs:line 24
   at lambda_method77(Closure, Object)
   at Microsoft.AspNetCore.Mvc.Infrastructure.ActionMethodExecutor.AwaitableObjectResultExecutor.Execute(ActionContext actionContext, IActionResultTypeMapper mapper, ObjectMethodExecutor executor, Object controller, Object[] arguments)
   at Microsoft.AspNetCore.Mvc.Infrastructure.ControllerActionInvoker.<InvokeActionMethodAsync>g__Awaited|12_0(ControllerActionInvoker invoker, ValueTask`1 actionResultValueTask)
   at Microsoft.AspNetCore.Mvc.Infrastructure.ControllerActionInvoker.<InvokeNextActionFilterAsync>g__Awaited|10_0(ControllerActionInvoker invoker, Task lastTask, State next, Scope scope, Object state, Boolean isCompleted)
   at Microsoft.AspNetCore.Mvc.Infrastructure.ControllerActionInvoker.Rethrow(ActionExecutedContextSealed context)
   at Microsoft.AspNetCore.Mvc.Infrastructure.ControllerActionInvoker.Next(State& next, Scope& scope, Object& state, Boolean& isCompleted)
   at Microsoft.AspNetCore.Mvc.Infrastructure.ControllerActionInvoker.<InvokeInnerFilterAsync>g__Awaited|13_0(ControllerActionInvoker invoker, Task lastTask, State next, Scope scope, Object state, Boolean isCompleted)
   at Microsoft.AspNetCore.Mvc.Infrastructure.ResourceInvoker.<InvokeFilterPipelineAsync>g__Awaited|20_0(ResourceInvoker invoker, Task lastTask, State next, Scope scope, Object state, Boolean isCompleted)
   at Microsoft.AspNetCore.Mvc.Infrastructure.ResourceInvoker.<InvokeAsync>g__Awaited|17_0(ResourceInvoker invoker, Task task, IDisposable scope)
   at Microsoft.AspNetCore.Mvc.Infrastructure.ResourceInvoker.<InvokeAsync>g__Awaited|17_0(ResourceInvoker invoker, Task task, IDisposable scope)
   at Microsoft.AspNetCore.Authorization.AuthorizationMiddleware.Invoke(HttpContext context)
   at Microsoft.AspNetCore.Authentication.AuthenticationMiddleware.Invoke(HttpContext context)
   at CleanAPI.API.Middleware.ExceptionMiddleware.InvokeAsync(HttpContext context) in D:\D\ASP.Net\CleanAPI\ECommerce.API\Middleware\ExceptionMiddleware.cs:line 24
2026-05-30 22:40:32 [ERR] HTTP GET /api/Order responded 500 in 529.9105 ms
2026-05-30 22:47:30 [INF] HTTP GET /api/Order responded 200 in 1332.4510 ms
2026-05-30 22:47:49 [INF] HTTP POST /api/Order responded 200 in 222.1755 ms
2026-05-30 22:47:57 [INF] HTTP GET /api/Order/1 responded 200 in 83.6514 ms
2026-05-30 22:48:03 [INF] HTTP GET /api/Order/2 responded 200 in 15.9723 ms
2026-05-30 22:48:09 [WRN] Not Found: Order with id 3 not found
2026-05-30 22:48:09 [INF] HTTP GET /api/Order/3 responded 404 in 90.2162 ms
2026-05-30 22:48:25 [INF] HTTP DELETE /api/Order/all responded 405 in 3.0955 ms
2026-05-30 22:48:33 [INF] HTTP GET /api/Order/all responded 403 in 5.5083 ms
2026-05-30 22:48:44 [INF] HTTP POST /api/Auth/login responded 200 in 303.9197 ms
2026-05-30 22:48:51 [INF] HTTP GET /api/Order/all responded 200 in 30.4245 ms
2026-05-30 23:00:20 [INF] HTTP GET /api/Order/all responded 200 in 1148.7415 ms
2026-05-30 23:00:35 [INF] HTTP GET /api/Order responded 200 in 56.8610 ms
2026-05-30 23:00:50 [INF] HTTP POST /api/Auth/login responded 200 in 376.7825 ms
2026-05-30 23:00:57 [WRN] Not Found: Order with id 3 not found
2026-05-30 23:00:57 [INF] HTTP GET /api/Order/3 responded 404 in 36.8110 ms
2026-05-30 23:01:00 [INF] HTTP GET /api/Order/1 responded 200 in 21.9436 ms
2026-05-30 23:01:15 [INF] HTTP GET /api/Products/my-products responded 200 in 25.9417 ms
2026-05-30 23:01:34 [INF] HTTP GET /api/Products/1 responded 200 in 37.9620 ms
2026-05-30 23:02:00 [INF] HTTP POST /api/Cart responded 201 in 201.6158 ms
2026-05-30 23:02:10 [INF] HTTP GET /api/Cart responded 200 in 16.8631 ms
2026-05-30 23:02:15 [INF] HTTP GET /api/Products/1 responded 200 in 13.3944 ms
2026-05-30 23:02:23 [INF] HTTP POST /api/Order responded 200 in 105.9500 ms
2026-05-30 23:02:35 [INF] HTTP GET /api/Products/1 responded 200 in 9.4718 ms
2026-05-30 23:02:45 [INF] HTTP GET /api/Order responded 200 in 10.1952 ms
2026-05-30 23:03:34 [INF] HTTP PUT /api/Order/3 responded 200 in 33.2331 ms
2026-05-30 23:03:40 [INF] HTTP GET /api/Order responded 200 in 8.3302 ms
